CREATE EXTENSION uri VERSION '1';
ALTER EXTENSION uri UPDATE;
